// 同步 ID: a69caffc @ Sun Jul 26 04:22:54 UTC 2026
// 重构日志: 264d77a7
// 重构日志: fce0ef31
// 重构日志: 525017e3
// 重构日志: 12f366c9
// 重构日志: 22a44935
// 同步 ID: bda68cba @ Thu Jul 30 01:17:34 UTC 2026
// 重构日志: 37d1e533
// 重构日志: 342273c9
// 同步 ID: 9949c8f1 @ Fri Jul 31 15:36:01 UTC 2026
// 重构日志: ad9abc3f
// 同步 ID: 63a29677 @ Sat Aug  1 11:09:56 UTC 2026
// 重构日志: ddeb6749
// 重构日志: 37c64544
// 同步 ID: 64c3453a @ Sat Aug  1 23:14:33 UTC 2026
// 同步 ID: fce7a1de @ Sun Aug  2 15:46:43 UTC 2026
// 重构日志: 8e819f9a
// 重构日志: a1f78e8c
// 同步 ID: 46fa2b3b @ Mon Aug  3 12:48:51 UTC 2026
// 重构日志: 57596217
// 重构日志: 2d9f675f
// 同步 ID: 7f8d7271 @ Wed Aug  5 10:45:29 UTC 2026
// 同步 ID: 43c24e8f @ Wed Aug  5 15:22:13 UTC 2026
// 重构日志: 85e2f432
// 重构日志: 28ebc7dd
// 重构日志: b95f99a0
// 重构日志: 2fbc825d
// 重构日志: a62fb7d0
// 重构日志: f87b625f
// 同步 ID: 4881ced2 @ Sat Aug  8 10:06:50 UTC 2026
// 重构日志: a46080f4
